// Vitest Snapshot v1, https://vitest.dev/guide/snapshot.html

exports[`should be able to ignore rule cjs-resolves-to-esm 1`] = `
[
  "[arethetypeswrong] test-cjs-resolves-to-esm v0.0.0

 (ignoring rules: 'cjs-resolves-to-esm')

 No problems found 🌟
┌───────────────────┬────────────────────────────┐
│                   │ "test-cjs-resolves-to-esm" │
├───────────────────┼────────────────────────────┤
│ node10            │ 🟢                         │
├───────────────────┼────────────────────────────┤
│ node16 (from CJS) │ 🟢 (ESM)                   │
├───────────────────┼────────────────────────────┤
│ node16 (from ESM) │ 🟢 (ESM)                   │
├───────────────────┼────────────────────────────┤
│ bundler           │ 🟢                         │
└───────────────────┴────────────────────────────┘",
]
`;

exports[`should throw when CJS resolves to ESM 2`] = `
[
  "[arethetypeswrong] test-cjs-resolves-to-esm v0.0.0

⚠️ A require call resolved to an ESM JavaScript file, which is an error in Node and some bundlers. CommonJS consumers will need to use a dynamic import. https://github.com/arethetypeswrong/arethetypeswrong.github.io/blob/main/docs/problems/CJSResolvesToESM.md


┌───────────────────┬──────────────────────────────┐
│                   │ "test-cjs-resolves-to-esm"   │
├───────────────────┼──────────────────────────────┤
│ node10            │ 🟢                           │
├───────────────────┼──────────────────────────────┤
│ node16 (from CJS) │ ⚠️ ESM (dynamic import only) │
├───────────────────┼──────────────────────────────┤
│ node16 (from ESM) │ 🟢 (ESM)                     │
├───────────────────┼──────────────────────────────┤
│ bundler           │ 🟢                           │
└───────────────────┴──────────────────────────────┘",
]
`;
